GAMS 30.1.0  re01a340 Released Jan 10, 2020 DEX-DEG x86 64bit/Mac OS X - 03/18/20 14:09:04 Page 1
G e n e r a l   A l g e b r a i c   M o d e l i n g   S y s t e m
C o m p i l a t i o n


   1  ** Problem 2, tut 4, week 9
   2  Integer variables x1,x2;
   3  Free variable z;
   4   
   5  equations of, eq1, eq2, eq3;
   6   
   7  of..    z =e= -3*x1 + 5*x2;
   8  eq1..   5*x1 - 7*x2 =g= 3;
   9  eq2..   x1 =l= 3;
  10  eq3..   x2 =l= 3;
  11   
  12  Model mip1 /all/;
  13   
  14  Solve mip1 using MIP maximizing z;


COMPILATION TIME     =        0.000 SECONDS      2 MB  30.1.0 re01a340 DEX-DEG
GAMS 30.1.0  re01a340 Released Jan 10, 2020 DEX-DEG x86 64bit/Mac OS X - 03/18/20 14:09:04 Page 2
G e n e r a l   A l g e b r a i c   M o d e l i n g   S y s t e m
Equation Listing    SOLVE mip1 Using MIP From line 14


---- of  =E=  

of..  3*x1 - 5*x2 + z =E= 0 ; (LHS = 0)
     

---- eq1  =G=  

eq1..  5*x1 - 7*x2 =G= 3 ; (LHS = 0, INFES = 3 ****)
     

---- eq2  =L=  

eq2..  x1 =L= 3 ; (LHS = 0)
     

---- eq3  =L=  

eq3..  x2 =L= 3 ; (LHS = 0)
     
GAMS 30.1.0  re01a340 Released Jan 10, 2020 DEX-DEG x86 64bit/Mac OS X - 03/18/20 14:09:04 Page 3
G e n e r a l   A l g e b r a i c   M o d e l i n g   S y s t e m
Column Listing      SOLVE mip1 Using MIP From line 14


---- x1  

x1
                (.LO, .L, .UP, .M = 0, 0, 100, 0)
        3       of
        5       eq1
        1       eq2


---- x2  

x2
                (.LO, .L, .UP, .M = 0, 0, 100, 0)
       -5       of
       -7       eq1
        1       eq3


---- z  

z
                (.LO, .L, .UP, .M = -INF, 0, +INF, 0)
        1       of


****
****  2 Integer +INF Bounds have been reset to 100 (see Option IntVarUp)
****
GAMS 30.1.0  re01a340 Released Jan 10, 2020 DEX-DEG x86 64bit/Mac OS X - 03/18/20 14:09:04 Page 4
G e n e r a l   A l g e b r a i c   M o d e l i n g   S y s t e m
Model Statistics    SOLVE mip1 Using MIP From line 14


MODEL STATISTICS

BLOCKS OF EQUATIONS           4     SINGLE EQUATIONS            4
BLOCKS OF VARIABLES           3     SINGLE VARIABLES            3
NON ZERO ELEMENTS             7     DISCRETE VARIABLES          2


GENERATION TIME      =        0.005 SECONDS      3 MB  30.1.0 re01a340 DEX-DEG


EXECUTION TIME       =        0.005 SECONDS      3 MB  30.1.0 re01a340 DEX-DEG
GAMS 30.1.0  re01a340 Released Jan 10, 2020 DEX-DEG x86 64bit/Mac OS X - 03/18/20 14:09:04 Page 5
G e n e r a l   A l g e b r a i c   M o d e l i n g   S y s t e m
Solution Report     SOLVE mip1 Using MIP From line 14


               S O L V E      S U M M A R Y

     MODEL   mip1                OBJECTIVE  z
     TYPE    MIP                 DIRECTION  MAXIMIZE
     SOLVER  CPLEX               FROM LINE  14

**** SOLVER STATUS     1 Normal Completion         
**** MODEL STATUS      1 Optimal                   
**** OBJECTIVE VALUE               -1.0000

 RESOURCE USAGE, LIMIT          0.009      1000.000
 ITERATION COUNT, LIMIT         0    2000000000

IBM ILOG CPLEX   30.1.0 re01a340 Released Jan 10, 2020 DEG x86 64bit/Mac OS X 
--- GAMS/Cplex licensed for continuous and discrete problems.
Cplex 12.10.0.0

Space for names approximately 0.00 Mb
Use option 'names no' to turn use of names off
MIP status(101): integer optimal solution
Cplex Time: 0.00sec (det. 0.01 ticks)
Fixing integer variables, and solving final LP...
Fixed MIP status(1): optimal
Cplex Time: 0.00sec (det. 0.00 ticks)
Proven optimal solution.

MIP Solution:           -1.000000    (0 iterations, 0 nodes)
Final Solve:            -1.000000    (0 iterations)

Best possible:          -1.000000
Absolute gap:            0.000000
Relative gap:            0.000000


                           LOWER          LEVEL          UPPER         MARGINAL

---- EQU of                  .              .              .             1.0000      
---- EQU eq1                3.0000         3.0000        +INF             .          
---- EQU eq2               -INF            2.0000         3.0000          .          
---- EQU eq3               -INF            1.0000         3.0000          .          

                           LOWER          LEVEL          UPPER         MARGINAL

---- VAR x1                  .             2.0000       100.0000        -3.0000      
---- VAR x2                  .             1.0000       100.0000         5.0000      
---- VAR z                 -INF           -1.0000        +INF             .          


**** REPORT SUMMARY :        0     NONOPT
                             0 INFEASIBLE
                             0  UNBOUNDED


EXECUTION TIME       =        0.001 SECONDS      2 MB  30.1.0 re01a340 DEX-DEG


USER: Course License Advanced Analytics with MathematG190618/0001AO-GEN
      The University of Edinburgh - Business School               DCE66
      License for teaching and research at degree granting institutions


**** FILE SUMMARY

Input      /Users/victor_medina/OneDrive - University of Edinburgh/Tutorials/BUST10134/wk9/tut_4_1_wk9.gms
Output     /Users/victor_medina/OneDrive - University of Edinburgh/Tutorials/BUST10134/wk9/tut_4_1_wk9.lst
