GAMS 30.1.0  re01a340 Released Jan 10, 2020 DEX-DEG x86 64bit/Mac OS X - 01/30/20 17:03:22 Page 1
G e n e r a l   A l g e b r a i c   M o d e l i n g   S y s t e m
C o m p i l a t i o n


   1  * Define the indeces or sets
   2  Sets
   3  i plants               /Manchester, Glasgow/
   4  j distribution centres /Edinburgh, Aberdeen, Newcastle/;
   5   
   6  * Define the data (parameters, tables, scalars)
   7  Parameter a(i) capacity of each plant (L)
   8  /
   9  Manchester 20000
  10  Glasgow 15001
  11  /
  12  ;
  13   
  14  Parameter b(j) Demand of L required
  15  /
  16  Edinburgh 10000
  17  Aberdeen  8000
  18  Newcastle 15000
  19  /
  20  ;
  21   
  22  Table c(i,j) Shipping cost
  23              Edinburgh  Aberdeen  Newcastle
  24  Manchester      2          3         5
  25  Glasgow         3          1         4
  26  ;
  27   
  28  * Define variables
  29  Variables
  30  z       total cost
  31  x(i,j)  quantity of products shipped from i to j
  32  Positive variables x;
  33   
  34  * Define constrains and objective function
  35  Equations
  36      of              objective function for the problem
  37      cap_constr      capacity constraint
  38      dem_constr      demand constraint;
  39   
  40  of..                z =e= sum((i,j), c(i,j)*x(i,j));
  41  cap_constr(i)..     sum(j, x(i,j)) =l= a(i);
  42  dem_constr(j)..     sum(i, x(i,j)) =e= b(j);
  43   
  44  * declare model and assign equations (in this case use all of them)
  45  Model transport1 /all/;
  46   
  47  * Call solver
  48  Solve transport1 using lp minimizing z;
  49   
  50  * print final levels and marginal cost
  51  Display x.l, x.m;


COMPILATION TIME     =        0.000 SECONDS      3 MB  30.1.0 re01a340 DEX-DEG
GAMS 30.1.0  re01a340 Released Jan 10, 2020 DEX-DEG x86 64bit/Mac OS X - 01/30/20 17:03:22 Page 2
G e n e r a l   A l g e b r a i c   M o d e l i n g   S y s t e m
Equation Listing    SOLVE transport1 Using LP From line 48


---- of  =E=  objective function for the problem

of..  z - 2*x(Manchester,Edinburgh) - 3*x(Manchester,Aberdeen) - 5*x(Manchester,Newcastle) - 3*x(Glasgow,Edinburgh) - x(Glasgow,Aberdeen) - 4*x(Glasgow,Newcastle) =E= 0 ; (LHS = 0)
     

---- cap_constr  =L=  capacity constraint

cap_constr(Manchester)..  x(Manchester,Edinburgh) + x(Manchester,Aberdeen) + x(Manchester,Newcastle) =L= 20000 ; (LHS = 0)
     
cap_constr(Glasgow)..  x(Glasgow,Edinburgh) + x(Glasgow,Aberdeen) + x(Glasgow,Newcastle) =L= 15001 ; (LHS = 0)
     

---- dem_constr  =E=  demand constraint

dem_constr(Edinburgh)..  x(Manchester,Edinburgh) + x(Glasgow,Edinburgh) =E= 10000 ; (LHS = 0, INFES = 10000 ****)
     
dem_constr(Aberdeen)..  x(Manchester,Aberdeen) + x(Glasgow,Aberdeen) =E= 8000 ; (LHS = 0, INFES = 8000 ****)
     
dem_constr(Newcastle)..  x(Manchester,Newcastle) + x(Glasgow,Newcastle) =E= 15000 ; (LHS = 0, INFES = 15000 ****)
     
GAMS 30.1.0  re01a340 Released Jan 10, 2020 DEX-DEG x86 64bit/Mac OS X - 01/30/20 17:03:22 Page 3
G e n e r a l   A l g e b r a i c   M o d e l i n g   S y s t e m
Column Listing      SOLVE transport1 Using LP From line 48


---- z  total cost

z
                (.LO, .L, .UP, .M = -INF, 0, +INF, 0)
        1       of


---- x  quantity of products shipped from i to j

x(Manchester,Edinburgh)
                (.LO, .L, .UP, .M = 0, 0, +INF, 0)
       -2       of
        1       cap_constr(Manchester)
        1       dem_constr(Edinburgh)

x(Manchester,Aberdeen)
                (.LO, .L, .UP, .M = 0, 0, +INF, 0)
       -3       of
        1       cap_constr(Manchester)
        1       dem_constr(Aberdeen)

x(Manchester,Newcastle)
                (.LO, .L, .UP, .M = 0, 0, +INF, 0)
       -5       of
        1       cap_constr(Manchester)
        1       dem_constr(Newcastle)

REMAINING 3 ENTRIES SKIPPED
GAMS 30.1.0  re01a340 Released Jan 10, 2020 DEX-DEG x86 64bit/Mac OS X - 01/30/20 17:03:22 Page 4
G e n e r a l   A l g e b r a i c   M o d e l i n g   S y s t e m
Model Statistics    SOLVE transport1 Using LP From line 48


MODEL STATISTICS

BLOCKS OF EQUATIONS           3     SINGLE EQUATIONS            6
BLOCKS OF VARIABLES           2     SINGLE VARIABLES            7
NON ZERO ELEMENTS            19


GENERATION TIME      =        0.006 SECONDS      4 MB  30.1.0 re01a340 DEX-DEG


EXECUTION TIME       =        0.006 SECONDS      4 MB  30.1.0 re01a340 DEX-DEG
GAMS 30.1.0  re01a340 Released Jan 10, 2020 DEX-DEG x86 64bit/Mac OS X - 01/30/20 17:03:22 Page 5
G e n e r a l   A l g e b r a i c   M o d e l i n g   S y s t e m
Solution Report     SOLVE transport1 Using LP From line 48


               S O L V E      S U M M A R Y

     MODEL   transport1          OBJECTIVE  z
     TYPE    LP                  DIRECTION  MINIMIZE
     SOLVER  CPLEX               FROM LINE  48

**** SOLVER STATUS     1 Normal Completion         
**** MODEL STATUS      1 Optimal                   
**** OBJECTIVE VALUE            95999.0000

 RESOURCE USAGE, LIMIT          0.009      1000.000
 ITERATION COUNT, LIMIT         1    2000000000

IBM ILOG CPLEX   30.1.0 re01a340 Released Jan 10, 2020 DEG x86 64bit/Mac OS X 
--- GAMS/Cplex licensed for continuous and discrete problems.
Cplex 12.10.0.0

Space for names approximately 0.00 Mb
Use option 'names no' to turn use of names off
LP status(1): optimal
Cplex Time: 0.00sec (det. 0.01 ticks)
Optimal solution found.
Objective :       95999.000000


                           LOWER          LEVEL          UPPER         MARGINAL

---- EQU of                  .              .              .             1.0000      

  of  objective function for the problem

---- EQU cap_constr  capacity constraint

                  LOWER          LEVEL          UPPER         MARGINAL

Manchester        -INF        17999.0000     20000.0000          .          
Glasgow           -INF        15001.0000     15001.0000        -1.0000      

---- EQU dem_constr  demand constraint

                 LOWER          LEVEL          UPPER         MARGINAL

Edinburgh     10000.0000     10000.0000     10000.0000         2.0000      
Aberdeen       8000.0000      8000.0000      8000.0000         2.0000      
Newcastle     15000.0000     15000.0000     15000.0000         5.0000      

                           LOWER          LEVEL          UPPER         MARGINAL

---- VAR z                 -INF        95999.0000        +INF             .          

  z  total cost

---- VAR x  quantity of products shipped from i to j

                            LOWER          LEVEL          UPPER         MARGINAL

Manchester.Edinburgh          .         10000.0000        +INF             .          
Manchester.Aberdeen           .              .            +INF            1.0000      
Manchester.Newcastle          .          7999.0000        +INF             .          
Glasgow   .Edinburgh          .              .            +INF            2.0000      
Glasgow   .Aberdeen           .          8000.0000        +INF             .          
Glasgow   .Newcastle          .          7001.0000        +INF             .          


**** REPORT SUMMARY :        0     NONOPT
                             0 INFEASIBLE
                             0  UNBOUNDED
GAMS 30.1.0  re01a340 Released Jan 10, 2020 DEX-DEG x86 64bit/Mac OS X - 01/30/20 17:03:22 Page 6
G e n e r a l   A l g e b r a i c   M o d e l i n g   S y s t e m
E x e c u t i o n


----     51 VARIABLE x.L  quantity of products shipped from i to j

             Edinburgh    Aberdeen   Newcastle

Manchester   10000.000                7999.000
Glasgow                   8000.000    7001.000


----     51 VARIABLE x.M  quantity of products shipped from i to j

             Edinburgh    Aberdeen

Manchester                   1.000
Glasgow          2.000



EXECUTION TIME       =        0.002 SECONDS      3 MB  30.1.0 re01a340 DEX-DEG


USER: Course License Advanced Analytics with MathematG190618/0001AO-GEN
      The University of Edinburgh - Business School               DCE66
      License for teaching and research at degree granting institutions


**** FILE SUMMARY

Input      /Users/victor_medina/OneDrive - University of Edinburgh/Tutorials/BUST10134/wk3/tut_1_1_wk3.gms
Output     /Users/victor_medina/OneDrive - University of Edinburgh/Tutorials/BUST10134/wk3/tut_1_1_wk3.lst
